Starting auto playback for case case-49d70d...
--- Starting Selenium Playback ---
[17:55:51] Executing step 1: NAVIGATE
[17:55:51] Page load complete.
[17:55:51] Could not find window for PID: 17168
[17:56:00] Could not find window for PID: 17168
[17:56:00] Step 1 PASSED
[17:56:01] Screenshot saved: reports\Genentech-ARTEMIS\run-d28aaf8a\case-49d70d\step_1_NAVIGATE_PASSED.png
[17:56:01] Executing step 2: CLICK
[17:56:01] Page load complete.
[17:56:01] Could not find window for PID: 17168
[17:56:02] Step 2 PASSED
[17:56:02] Screenshot saved: reports\Genentech-ARTEMIS\run-d28aaf8a\case-49d70d\step_2_CLICK_PASSED.png
[17:56:02] Executing step 3: TYPE
[17:56:02] Page load complete.
[17:56:02] Could not find window for PID: 17168
[17:56:03] Step 3 PASSED
[17:56:03] Screenshot saved: reports\Genentech-ARTEMIS\run-d28aaf8a\case-49d70d\step_3_TYPE_PASSED.png
[17:56:03] Executing step 4: KEYPRESS
[17:56:03] Page load complete.
[17:56:03] Could not find window for PID: 17168
[17:56:04] Step 4 PASSED
[17:56:04] Screenshot saved: reports\Genentech-ARTEMIS\run-d28aaf8a\case-49d70d\step_4_KEYPRESS_PASSED.png
[17:56:04] Executing step 5: TYPE
[17:56:04] Page load complete.
[17:56:04] Could not find window for PID: 17168
[17:56:05] Step 5 PASSED
[17:56:05] Screenshot saved: reports\Genentech-ARTEMIS\run-d28aaf8a\case-49d70d\step_5_TYPE_PASSED.png
[17:56:05] Executing step 6: CLICK
[17:56:05] Page load complete.
[17:56:05] Could not find window for PID: 17168
[17:56:11] Step 6 PASSED
[17:56:12] Screenshot saved: reports\Genentech-ARTEMIS\run-d28aaf8a\case-49d70d\step_6_CLICK_PASSED.png
[17:56:12] Executing step 7: NAVIGATE
[17:56:12] Page load complete.
[17:56:12] Could not find window for PID: 17168
[17:56:13] Could not find window for PID: 17168
[17:56:13] Step 7 PASSED
[17:56:13] Screenshot saved: reports\Genentech-ARTEMIS\run-d28aaf8a\case-49d70d\step_7_NAVIGATE_PASSED.png
[17:56:13] Executing step 8: NAVIGATE
[17:56:13] Page load complete.
[17:56:13] Could not find window for PID: 17168
[17:56:16] Could not find window for PID: 17168
[17:56:16] Step 8 PASSED
[17:56:16] Screenshot saved: reports\Genentech-ARTEMIS\run-d28aaf8a\case-49d70d\step_8_NAVIGATE_PASSED.png
[17:56:16] Executing step 9: ELEMENT_TEXT_IS
[17:56:16] Page load complete.
[17:56:16] Could not find window for PID: 17168
[17:56:16] Step 9 PASSED
[17:56:17] Screenshot saved: reports\Genentech-ARTEMIS\run-d28aaf8a\case-49d70d\step_9_ELEMENT_TEXT_IS_PASSED.png
[17:56:17] Executing step 10: ELEMENT_CONTAINS_TEXT
[17:56:17] Page load complete.
[17:56:17] Could not find window for PID: 17168
[17:56:17] Step 10 PASSED
[17:56:18] Screenshot saved: reports\Genentech-ARTEMIS\run-d28aaf8a\case-49d70d\step_10_ELEMENT_CONTAINS_TEXT_PASSED.png
[17:56:18] Executing step 11: ELEMENT_CONTAINS_TEXT
[17:56:18] Page load complete.
[17:56:18] Could not find window for PID: 17168
[17:56:18] Step 11 PASSED
[17:56:18] Screenshot saved: reports\Genentech-ARTEMIS\run-d28aaf8a\case-49d70d\step_11_ELEMENT_CONTAINS_TEXT_PASSED.png
[17:56:18] Executing step 12: ELEMENT_TEXT_IS
[17:56:18] Page load complete.
[17:56:18] Could not find window for PID: 17168
[17:56:19] Step 12 PASSED
[17:56:19] Screenshot saved: reports\Genentech-ARTEMIS\run-d28aaf8a\case-49d70d\step_12_ELEMENT_TEXT_IS_PASSED.png
[17:56:19] Executing step 13: ELEMENT_TEXT_IS
[17:56:19] Page load complete.
[17:56:19] Could not find window for PID: 17168
[17:56:20] Step 13 PASSED
[17:56:20] Screenshot saved: reports\Genentech-ARTEMIS\run-d28aaf8a\case-49d70d\step_13_ELEMENT_TEXT_IS_PASSED.png
[17:56:20] Executing step 14: ELEMENT_TEXT_IS
[17:56:20] Page load complete.
[17:56:20] Could not find window for PID: 17168
[17:56:21] Step 14 PASSED
[17:56:21] Screenshot saved: reports\Genentech-ARTEMIS\run-d28aaf8a\case-49d70d\step_14_ELEMENT_TEXT_IS_PASSED.png
[17:56:21] Executing step 15: ELEMENT_TEXT_IS
[17:56:21] Page load complete.
[17:56:21] Could not find window for PID: 17168
[17:56:21] Step 15 PASSED
[17:56:22] Screenshot saved: reports\Genentech-ARTEMIS\run-d28aaf8a\case-49d70d\step_15_ELEMENT_TEXT_IS_PASSED.png
[17:56:22] Executing step 16: ELEMENT_TEXT_IS
[17:56:22] Page load complete.
[17:56:22] Could not find window for PID: 17168
[17:56:22] Step 16 PASSED
[17:56:22] Screenshot saved: reports\Genentech-ARTEMIS\run-d28aaf8a\case-49d70d\step_16_ELEMENT_TEXT_IS_PASSED.png
[17:56:22] Executing step 17: ELEMENT_TEXT_IS
[17:56:22] Page load complete.
[17:56:22] Could not find window for PID: 17168
[17:56:23] Step 17 PASSED
[17:56:23] Screenshot saved: reports\Genentech-ARTEMIS\run-d28aaf8a\case-49d70d\step_17_ELEMENT_TEXT_IS_PASSED.png
[17:56:23] Executing step 18: ELEMENT_TEXT_IS
[17:56:23] Page load complete.
[17:56:23] Could not find window for PID: 17168
[17:56:24] Step 18 PASSED
[17:56:24] Screenshot saved: reports\Genentech-ARTEMIS\run-d28aaf8a\case-49d70d\step_18_ELEMENT_TEXT_IS_PASSED.png
[17:56:24] Executing step 19: ELEMENT_TEXT_IS
[17:56:24] Page load complete.
[17:56:24] Could not find window for PID: 17168
[17:56:25] Step 19 PASSED
[17:56:25] Screenshot saved: reports\Genentech-ARTEMIS\run-d28aaf8a\case-49d70d\step_19_ELEMENT_TEXT_IS_PASSED.png
[17:56:25] Executing step 20: ELEMENT_TEXT_IS
[17:56:25] Page load complete.
[17:56:25] Could not find window for PID: 17168
[17:56:26] Step 20 PASSED
[17:56:26] Screenshot saved: reports\Genentech-ARTEMIS\run-d28aaf8a\case-49d70d\step_20_ELEMENT_TEXT_IS_PASSED.png
[17:56:26] Executing step 21: ELEMENT_TEXT_IS
[17:56:26] Page load complete.
[17:56:26] Could not find window for PID: 17168
[17:56:26] Step 21 PASSED
[17:56:27] Screenshot saved: reports\Genentech-ARTEMIS\run-d28aaf8a\case-49d70d\step_21_ELEMENT_TEXT_IS_PASSED.png
[17:56:27] Executing step 22: ELEMENT_TEXT_IS
[17:56:27] Page load complete.
[17:56:27] Could not find window for PID: 17168
[17:56:27] Step 22 PASSED
[17:56:27] Screenshot saved: reports\Genentech-ARTEMIS\run-d28aaf8a\case-49d70d\step_22_ELEMENT_TEXT_IS_PASSED.png
[17:56:27] --- Selenium playback finished ---
Playback finished.