Starting auto playback for case case-49d70d...
--- Starting Selenium Playback ---
[17:52:25] Executing step 1: NAVIGATE
[17:52:25] Page load complete.
[17:52:25] Could not find window for PID: 33996
[17:52:34] Could not find window for PID: 33996
[17:52:34] Step 1 PASSED
[17:52:35] Screenshot saved: reports\Genentech-ARTEMIS\run-e4e37078\case-49d70d\step_1_NAVIGATE_PASSED.png
[17:52:35] Executing step 2: CLICK
[17:52:35] Page load complete.
[17:52:35] Could not find window for PID: 33996
[17:52:36] Step 2 PASSED
[17:52:36] Screenshot saved: reports\Genentech-ARTEMIS\run-e4e37078\case-49d70d\step_2_CLICK_PASSED.png
[17:52:36] Executing step 3: TYPE
[17:52:36] Page load complete.
[17:52:36] Could not find window for PID: 33996
[17:52:37] Step 3 PASSED
[17:52:37] Screenshot saved: reports\Genentech-ARTEMIS\run-e4e37078\case-49d70d\step_3_TYPE_PASSED.png
[17:52:37] Executing step 4: KEYPRESS
[17:52:37] Page load complete.
[17:52:37] Could not find window for PID: 33996
[17:52:38] Step 4 PASSED
[17:52:38] Screenshot saved: reports\Genentech-ARTEMIS\run-e4e37078\case-49d70d\step_4_KEYPRESS_PASSED.png
[17:52:38] Executing step 5: TYPE
[17:52:38] Page load complete.
[17:52:38] Could not find window for PID: 33996
[17:52:39] Step 5 PASSED
[17:52:39] Screenshot saved: reports\Genentech-ARTEMIS\run-e4e37078\case-49d70d\step_5_TYPE_PASSED.png
[17:52:39] Executing step 6: CLICK
[17:52:39] Page load complete.
[17:52:39] Could not find window for PID: 33996
[17:52:45] Step 6 PASSED
[17:52:45] Screenshot saved: reports\Genentech-ARTEMIS\run-e4e37078\case-49d70d\step_6_CLICK_PASSED.png
[17:52:45] Executing step 7: NAVIGATE
[17:52:45] Page load complete.
[17:52:45] Could not find window for PID: 33996
[17:52:47] Could not find window for PID: 33996
[17:52:47] Step 7 PASSED
[17:52:47] Screenshot saved: reports\Genentech-ARTEMIS\run-e4e37078\case-49d70d\step_7_NAVIGATE_PASSED.png
[17:52:47] Executing step 8: NAVIGATE
[17:52:47] Page load complete.
[17:52:47] Could not find window for PID: 33996
[17:52:50] Could not find window for PID: 33996
[17:52:50] Step 8 PASSED
[17:52:50] Screenshot saved: reports\Genentech-ARTEMIS\run-e4e37078\case-49d70d\step_8_NAVIGATE_PASSED.png
[17:52:50] Executing step 9: ELEMENT_TEXT_IS
[17:52:50] Page load complete.
[17:52:50] Could not find window for PID: 33996
[17:52:51] Step 9 PASSED
[17:52:51] Screenshot saved: reports\Genentech-ARTEMIS\run-e4e37078\case-49d70d\step_9_ELEMENT_TEXT_IS_PASSED.png
[17:52:51] Executing step 10: ELEMENT_CONTAINS_TEXT
[17:52:51] Page load complete.
[17:52:51] Could not find window for PID: 33996
[17:52:52] Step 10 PASSED
[17:52:52] Screenshot saved: reports\Genentech-ARTEMIS\run-e4e37078\case-49d70d\step_10_ELEMENT_CONTAINS_TEXT_PASSED.png
[17:52:52] Executing step 11: ELEMENT_CONTAINS_TEXT
[17:52:52] Page load complete.
[17:52:52] Could not find window for PID: 33996
[17:52:52] Step 11 PASSED
[17:52:53] Screenshot saved: reports\Genentech-ARTEMIS\run-e4e37078\case-49d70d\step_11_ELEMENT_CONTAINS_TEXT_PASSED.png
[17:52:53] Executing step 12: ELEMENT_TEXT_IS
[17:52:53] Page load complete.
[17:52:53] Could not find window for PID: 33996
[17:52:53] Step 12 PASSED
[17:52:53] Screenshot saved: reports\Genentech-ARTEMIS\run-e4e37078\case-49d70d\step_12_ELEMENT_TEXT_IS_PASSED.png
[17:52:53] Executing step 13: ELEMENT_TEXT_IS
[17:52:53] Page load complete.
[17:52:53] Could not find window for PID: 33996
[17:52:54] Step 13 PASSED
[17:52:54] Screenshot saved: reports\Genentech-ARTEMIS\run-e4e37078\case-49d70d\step_13_ELEMENT_TEXT_IS_PASSED.png
[17:52:54] Executing step 14: ELEMENT_TEXT_IS
[17:52:54] Page load complete.
[17:52:54] Could not find window for PID: 33996
[17:52:55] Step 14 PASSED
[17:52:55] Screenshot saved: reports\Genentech-ARTEMIS\run-e4e37078\case-49d70d\step_14_ELEMENT_TEXT_IS_PASSED.png
[17:52:55] Executing step 15: ELEMENT_TEXT_IS
[17:52:55] Page load complete.
[17:52:55] Could not find window for PID: 33996
[17:52:55] Step 15 PASSED
[17:52:56] Screenshot saved: reports\Genentech-ARTEMIS\run-e4e37078\case-49d70d\step_15_ELEMENT_TEXT_IS_PASSED.png
[17:52:56] Executing step 16: ELEMENT_TEXT_IS
[17:52:56] Page load complete.
[17:52:56] Could not find window for PID: 33996
[17:52:56] Step 16 PASSED
[17:52:57] Screenshot saved: reports\Genentech-ARTEMIS\run-e4e37078\case-49d70d\step_16_ELEMENT_TEXT_IS_PASSED.png
[17:52:57] Executing step 17: ELEMENT_TEXT_IS
[17:52:57] Page load complete.
[17:52:57] Could not find window for PID: 33996
[17:52:57] Step 17 PASSED
[17:52:57] Screenshot saved: reports\Genentech-ARTEMIS\run-e4e37078\case-49d70d\step_17_ELEMENT_TEXT_IS_PASSED.png
[17:52:57] Executing step 18: ELEMENT_TEXT_IS
[17:52:57] Page load complete.
[17:52:57] Could not find window for PID: 33996
[17:52:58] Step 18 PASSED
[17:52:58] Screenshot saved: reports\Genentech-ARTEMIS\run-e4e37078\case-49d70d\step_18_ELEMENT_TEXT_IS_PASSED.png
[17:52:58] Executing step 19: ELEMENT_TEXT_IS
[17:52:58] Page load complete.
[17:52:58] Could not find window for PID: 33996
[17:52:59] Step 19 PASSED
[17:52:59] Screenshot saved: reports\Genentech-ARTEMIS\run-e4e37078\case-49d70d\step_19_ELEMENT_TEXT_IS_PASSED.png
[17:52:59] Executing step 20: ELEMENT_TEXT_IS
[17:52:59] Page load complete.
[17:52:59] Could not find window for PID: 33996
[17:52:59] Step 20 PASSED
[17:53:00] Screenshot saved: reports\Genentech-ARTEMIS\run-e4e37078\case-49d70d\step_20_ELEMENT_TEXT_IS_PASSED.png
[17:53:00] Executing step 21: ELEMENT_TEXT_IS
[17:53:00] Page load complete.
[17:53:00] Could not find window for PID: 33996
[17:53:00] Step 21 PASSED
[17:53:00] Screenshot saved: reports\Genentech-ARTEMIS\run-e4e37078\case-49d70d\step_21_ELEMENT_TEXT_IS_PASSED.png
[17:53:00] Executing step 22: ELEMENT_TEXT_IS
[17:53:00] Page load complete.
[17:53:00] Could not find window for PID: 33996
[17:53:01] Step 22 PASSED
[17:53:01] Screenshot saved: reports\Genentech-ARTEMIS\run-e4e37078\case-49d70d\step_22_ELEMENT_TEXT_IS_PASSED.png
[17:53:01] --- Selenium playback finished ---
Playback finished.